NodeRampart — 日报 2026-03-08
区间（不含结束时刻）：2026-03-08 00:00 UTC-05:00 — 2026-03-09 00:00 UTC-04:00
时区：America/New_York
覆盖 接口计数: 完整运行记录
覆盖 报文采集: 部分
覆盖 SSH 日志: 未知
缺失观测为未知；覆盖不证明无丢失。接口出站为估算，不等于账单。
警告：覆盖缺口、历史边界或计数下界；请在本地查看。
保留事件 5；SSH 观测 14（计数可能为下界）
接口接收 4.00 KiB / 发送 8.00 KiB；采集批次 100
捕获丢包 4；解析/统计错误 3/2；溢出 9 个包
IPC 丢失估计 5 批次 / 20 个包
周期费用估算：1.00 USD
全周期覆盖未知；私网、重复路径及模型外费用限制此估算。
警告：覆盖缺口、历史边界或计数下界；请在本地查看。
裁剪历史未知或本区间有裁剪。
sudo noderampart report show --date 2026-03-08 --format json
